// Jest Snapshot v1, https://goo.gl/fbAQLP

exports[`FormLogin should match snapshot 1`] = `
<div>
  <form
    class=""
    data-testid="form-login"
  >
    <div
      class="row"
    >
      <div
        class="mb-3"
      >
        <label
          class="form-label"
        >
          Username : 
        </label>
        <input
          class="form-control"
          type="text"
        />
      </div>
      <div
        class="mb-3"
      >
        <label
          class="form-label"
        >
          Password : 
        </label>
        <input
          class="form-control"
          placeholder="Password"
          type="password"
        />
      </div>
    </div>
    <div
      class="row"
    />
    <div
      class="row"
    >
      <div
        class="row_form__button col"
      >
        <button
          class="btn btn-primary"
          type="submit"
        >
          Submit
        </button>
      </div>
      <div
        class="row_form__button register_button col"
      >
        <a
          href="/register"
        >
          <button
            class="btn btn-link"
            type="button"
          >
            Register
          </button>
        </a>
      </div>
    </div>
  </form>
</div>
`;
